// Jest Snapshot v1, https://goo.gl/fbAQLP

exports[`Renders Cell 1`] = `
<DocumentFragment>
  <div
    class="css-1h0vbn9"
  >
    <div
      class="css-fzp5ig"
      rotate="0"
    />
  </div>
</DocumentFragment>
`;
